2026-02-19 01:15:01,900 - INFO - Dhan API initialized successfully
2026-02-19 01:15:01,900 - INFO - LIVE PAPER TRADING SYSTEM INITIALIZED
2026-02-19 01:15:01,900 - INFO - Paper Capital: ₹100,000
2026-02-19 01:15:01,900 - INFO - Risk Per Trade: 25.0%
2026-02-19 01:15:01,901 - INFO - Max Trades Per Day: 4
2026-02-19 01:15:01,901 - INFO - STARTING LIVE PAPER TRADING
2026-02-19 01:15:01,902 - INFO - Mode: PAPER TRADING (NO REAL ORDERS)
2026-02-19 01:15:01,902 - INFO - Trading Hours: 9:15 AM - 3:30 PM IST
2026-02-19 01:15:01,904 - INFO - Market is closed. Paper trading paused.
2026-02-19 01:15:01,905 - INFO - DAILY SUMMARY (2026-02-19): No trades completed
2026-02-19 01:15:01,906 - INFO - Sleeping until 2026-02-20 09:00:00
2026-02-19 01:15:16,399 - INFO - Paper trading stopped by user
2026-02-19 01:15:16,399 - INFO - FINAL PAPER TRADING SUMMARY
2026-02-19 01:15:16,399 - INFO - DAILY SUMMARY (2026-02-19): No trades completed
2026-02-19 09:15:54,639 - INFO - Dhan API initialized successfully
2026-02-19 09:15:54,640 - INFO - LIVE PAPER TRADING SYSTEM INITIALIZED
2026-02-19 09:15:54,640 - INFO - Paper Capital: ₹100,000
2026-02-19 09:15:54,640 - INFO - Risk Per Trade: 25.0%
2026-02-19 09:15:54,641 - INFO - Max Trades Per Day: 4
2026-02-19 09:15:54,641 - INFO - STARTING LIVE PAPER TRADING
2026-02-19 09:15:54,641 - INFO - Mode: PAPER TRADING (NO REAL ORDERS)
2026-02-19 09:15:54,641 - INFO - Trading Hours: 9:15 AM - 3:30 PM IST
2026-02-19 09:15:54,642 - ERROR - Error getting market data: 'dhanhq' object has no attribute 'get_market_depth'
2026-02-19 09:16:11,727 - INFO - Paper trading stopped by user
2026-02-19 09:16:11,727 - INFO - FINAL PAPER TRADING SUMMARY
2026-02-19 09:16:11,728 - INFO - DAILY SUMMARY (2026-02-19): No trades completed
2026-02-19 09:18:38,979 - INFO - Dhan API initialized successfully
2026-02-19 09:18:38,979 - INFO - LIVE PAPER TRADING SYSTEM INITIALIZED
2026-02-19 09:18:38,980 - INFO - Paper Capital: ₹100,000
2026-02-19 09:18:38,980 - INFO - Risk Per Trade: 25.0%
2026-02-19 09:18:38,980 - INFO - Max Trades Per Day: 4
2026-02-19 09:18:38,980 - INFO - STARTING LIVE PAPER TRADING
2026-02-19 09:18:38,980 - INFO - Mode: PAPER TRADING (NO REAL ORDERS)
2026-02-19 09:18:38,981 - INFO - Trading Hours: 9:15 AM - 3:30 PM IST
2026-02-19 09:18:38,981 - ERROR - Error getting market data: 'dhanhq' object has no attribute 'market_depth'
2026-02-19 09:19:38,983 - ERROR - Error getting market data: 'dhanhq' object has no attribute 'market_depth'
2026-02-19 09:19:42,657 - INFO - Paper trading stopped by user
2026-02-19 09:19:42,658 - INFO - FINAL PAPER TRADING SUMMARY
2026-02-19 09:19:42,658 - INFO - DAILY SUMMARY (2026-02-19): No trades completed
2026-02-19 09:20:14,898 - INFO - LIVE PAPER TRADING SYSTEM INITIALIZED
2026-02-19 09:20:14,898 - INFO - Paper Capital: ₹100,000
2026-02-19 09:20:14,898 - INFO - Risk Per Trade: 25.0%
2026-02-19 09:20:14,899 - INFO - Max Trades Per Day: 4
2026-02-19 09:20:14,899 - INFO - STARTING LIVE PAPER TRADING
2026-02-19 09:20:14,899 - INFO - Mode: PAPER TRADING (NO REAL ORDERS)
2026-02-19 09:20:14,899 - INFO - Trading Hours: 9:15 AM - 3:30 PM IST
2026-02-19 09:20:15,416 - ERROR - No data in API response
2026-02-19 09:20:38,628 - INFO - Paper trading stopped by user
2026-02-19 09:20:38,628 - INFO - FINAL PAPER TRADING SUMMARY
2026-02-19 09:20:38,628 - INFO - DAILY SUMMARY (2026-02-19): No trades completed
