2026-02-18 11:24:08,847 - INFO - Configuration loaded successfully
2026-02-18 11:24:08,847 - INFO - STARTING PRODUCTION DEPLOYMENT SIMULATION
2026-02-18 11:24:08,848 - INFO - ============================================================
2026-02-18 11:24:08,848 - INFO - Simulating Production Deployment of AI 9-Strategy System
2026-02-18 11:24:08,848 - INFO - This is a simulation - no actual deployment will occur
2026-02-18 11:24:08,848 - INFO - ============================================================
2026-02-18 11:24:08,849 - INFO - 
Stage 1: Pre-deployment Checks
2026-02-18 11:24:08,850 - INFO - Simulating pre_deployment stage...
2026-02-18 11:24:08,851 - INFO - Checking system requirements...
2026-02-18 11:24:08,851 - INFO - Checking database connectivity...
2026-02-18 11:24:08,851 - INFO - Checking API endpoints...
2026-02-18 11:24:08,851 - INFO - Checking AI models status...
2026-02-18 11:24:08,851 - INFO - Checking strategy configurations...
2026-02-18 11:24:08,851 - INFO - 
Stage 2: Deployment Simulation
2026-02-18 11:24:08,852 - INFO - Simulating deployment stage...
2026-02-18 11:24:08,852 - INFO - 
Stage 3: Post-deployment Verification
2026-02-18 11:24:08,852 - INFO - Simulating post_deployment stage...
2026-02-18 11:24:08,852 - INFO - 
System Health Monitoring
2026-02-18 11:24:08,852 - INFO - Monitoring system health...
2026-02-18 11:24:08,852 - INFO - 
Performance Benchmarks
2026-02-18 11:24:08,853 - INFO - Running performance benchmarks...
2026-02-18 11:24:08,853 - INFO - 
Security Checks
2026-02-18 11:24:08,853 - INFO - Running security checks...
2026-02-18 11:24:08,853 - INFO - 
PRODUCTION DEPLOYMENT SIMULATION RESULTS
2026-02-18 11:24:08,853 - INFO - ============================================================
2026-02-18 11:24:08,853 - INFO - Duration: 0.0 seconds
2026-02-18 11:24:08,854 - INFO - Total Checks: 13
2026-02-18 11:24:08,854 - INFO - Passed: 13
2026-02-18 11:24:08,854 - INFO - Failed: 0
2026-02-18 11:24:08,854 - INFO - Success Rate: 100.0%
2026-02-18 11:24:08,854 - INFO - 
Deployment Stages:
2026-02-18 11:24:08,854 - INFO -   pre_deployment: PASS
2026-02-18 11:24:08,855 - INFO -   deployment: PASS
2026-02-18 11:24:08,855 - INFO -   post_deployment: PASS
2026-02-18 11:24:08,855 - INFO - 
System Health: EXCELLENT (100/100)
2026-02-18 11:24:08,855 - INFO - Performance: PASS
2026-02-18 11:24:08,855 - INFO - Security: PASS
2026-02-18 11:24:08,855 - INFO - 
FINAL VERDICT: EXCELLENT - System ready for production deployment
2026-02-18 11:24:08,857 - INFO - Results saved to: c:\cursor\options\niftyopt\logs\production_deployment_simulation_results_20260218_112408.json
