2026-02-18 12:23:10,771 - INFO - Database setup completed
2026-02-18 12:23:10,792 - INFO - PURE WEBSOCKET DEPLOYMENT - 9 STRATEGIES
2026-02-18 12:23:10,793 - INFO - ======================================================================
2026-02-18 12:23:10,793 - INFO - Mode: Paper Trading (NO REAL ORDERS)
2026-02-18 12:23:10,793 - INFO - Data Source: PURE Dhan WebSocket (Real Data Only)
2026-02-18 12:23:10,793 - INFO - Strategies: 9 Backtested Strategies
2026-02-18 12:23:10,794 - INFO - No Simulation - No HTTP Fallback
2026-02-18 12:23:10,794 - INFO - ======================================================================
2026-02-18 12:23:10,795 - INFO - Starting WebSocket real-time deployment with asyncio...
2026-02-18 12:23:10,797 - INFO - WebSocket event loop started. Streaming Nifty data...
2026-02-18 12:23:10,797 - ERROR - Failed to start WebSocket feed: This event loop is already running
2026-02-18 12:23:10,803 - INFO - 
======================================================================
2026-02-18 12:23:10,804 - INFO - PURE WEBSOCKET DEPLOYMENT SUMMARY
2026-02-18 12:23:10,804 - INFO - ======================================================================
2026-02-18 12:23:10,804 - INFO - Total Duration: 0:00:00.011177
2026-02-18 12:23:10,804 - INFO - Total Signals Generated: 0
2026-02-18 12:23:10,805 - INFO - Paper Trades Executed: 0
2026-02-18 12:23:10,805 - INFO - Total Broker Charges: Rs.0.00
2026-02-18 12:23:10,805 - INFO - Real-time Data Points: 0
2026-02-18 12:23:10,805 - INFO - 
Database: c:\cursor\options\niftyopt\data\PURE_WEBSOCKET_DEPLOYMENT.db
2026-02-18 12:23:10,805 - INFO - All trades, signals, and data saved successfully
2026-02-18 12:23:10,805 - INFO - 
FINAL STATUS: WEBSOCKET DEPLOYMENT COMPLETED
2026-02-18 12:23:10,806 - INFO - PURE WebSocket-based real-time deployment
2026-02-18 12:23:10,806 - INFO - 9 Strategies tested with live market data
2026-02-18 12:23:10,806 - INFO - Paper trading mode - No real orders placed
2026-02-18 12:23:10,806 - INFO - Ready for production deployment with real orders
2026-02-18 12:23:10,806 - INFO - ======================================================================
