2026-04-01 09:12:05 - --------------------------------------------------
2026-04-01 09:12:40 - ============================================================
2026-04-01 09:13:10 - 
==================================================
2026-04-01 09:13:10 - ==================================================
2026-04-01 09:14:11 - 
==================================================
2026-04-01 09:14:11 - ==================================================
2026-04-01 09:15:11 - 
==================================================
2026-04-01 09:15:11 - ==================================================
2026-04-01 09:16:12 - 
==================================================
2026-04-01 09:16:12 - ==================================================
2026-04-01 09:17:12 - 
==================================================
2026-04-01 09:17:12 - ==================================================
2026-04-01 09:18:12 - 
==================================================
2026-04-01 09:18:12 - ==================================================
2026-04-01 09:19:13 - 
==================================================
2026-04-01 09:19:13 - ==================================================
2026-04-01 09:20:13 - 
==================================================
2026-04-01 09:20:13 - ==================================================
2026-04-01 09:21:13 - 
==================================================
2026-04-01 09:21:13 - ==================================================
2026-04-01 09:22:14 - 
==================================================
2026-04-01 09:22:14 - ==================================================
2026-04-01 09:23:14 - 
==================================================
2026-04-01 09:23:14 - ==================================================
2026-04-01 09:24:14 - 
==================================================
2026-04-01 09:24:14 - ==================================================
2026-04-01 09:25:15 - 
==================================================
2026-04-01 09:25:15 - ==================================================
2026-04-01 09:26:15 - 
==================================================
2026-04-01 09:26:15 - ==================================================
2026-04-01 09:27:15 - 
==================================================
2026-04-01 09:27:15 - ==================================================
2026-04-01 09:28:46 - 
==================================================
2026-04-01 09:28:46 - ==================================================
2026-04-01 09:30:17 - 
==================================================
2026-04-01 09:30:17 - ==================================================
2026-04-01 09:31:47 - 
==================================================
2026-04-01 09:31:47 - ==================================================
2026-04-01 09:33:18 - 
==================================================
2026-04-01 09:33:18 - ==================================================
2026-04-01 09:34:49 - 
==================================================
2026-04-01 09:34:49 - ==================================================
2026-04-01 09:36:19 - 
==================================================
2026-04-01 09:36:19 - ==================================================
2026-04-01 09:37:20 - 
==================================================
2026-04-01 09:37:20 - ==================================================
2026-04-01 09:38:20 - 
==================================================
2026-04-01 09:38:20 - ==================================================
2026-04-01 09:39:20 - 
==================================================
2026-04-01 09:39:20 - ==================================================
2026-04-01 09:40:21 - 
==================================================
2026-04-01 09:40:21 - ==================================================
2026-04-01 09:41:21 - 
==================================================
2026-04-01 09:41:21 - ==================================================
2026-04-01 09:42:21 - 
==================================================
2026-04-01 09:42:21 - ==================================================
2026-04-01 09:43:22 - 
==================================================
2026-04-01 09:43:22 - ==================================================
2026-04-01 09:44:22 - 
==================================================
2026-04-01 09:44:22 - ==================================================
2026-04-01 09:45:23 - 
==================================================
2026-04-01 09:45:23 - ==================================================
2026-04-01 09:46:23 - 
==================================================
2026-04-01 09:46:23 - ==================================================
2026-04-01 09:47:23 - 
==================================================
2026-04-01 09:47:23 - ==================================================
2026-04-01 09:48:24 - 
==================================================
2026-04-01 09:48:24 - ==================================================
2026-04-01 09:49:24 - 
==================================================
2026-04-01 09:49:24 - ==================================================
2026-04-01 09:50:24 - 
==================================================
2026-04-01 09:50:24 - ==================================================
2026-04-01 09:51:25 - 
==================================================
2026-04-01 09:51:25 - ==================================================
2026-04-01 09:52:25 - 
==================================================
2026-04-01 09:52:25 - ==================================================
2026-04-01 09:53:26 - 
==================================================
2026-04-01 09:53:26 - ==================================================
2026-04-01 09:54:26 - 
==================================================
2026-04-01 09:54:26 - ==================================================
2026-04-01 09:55:26 - 
==================================================
2026-04-01 09:55:26 - ==================================================
2026-04-01 09:56:27 - 
==================================================
2026-04-01 09:56:27 - ==================================================
2026-04-01 09:57:27 - 
==================================================
2026-04-01 09:57:27 - ==================================================
2026-04-01 09:58:28 - 
==================================================
2026-04-01 09:58:28 - ==================================================
2026-04-01 09:59:28 - 
==================================================
2026-04-01 09:59:28 - ==================================================
2026-04-01 10:00:28 - 
==================================================
2026-04-01 10:00:28 - ==================================================
2026-04-01 10:01:29 - 
==================================================
2026-04-01 10:01:29 - ==================================================
2026-04-01 10:02:29 - 
==================================================
2026-04-01 10:02:29 - ==================================================
2026-04-01 10:03:29 - 
==================================================
2026-04-01 10:03:29 - ==================================================
2026-04-01 10:04:30 - 
==================================================
2026-04-01 10:04:30 - ==================================================
2026-04-01 10:05:30 - 
==================================================
2026-04-01 10:05:30 - ==================================================
2026-04-01 10:06:30 - 
==================================================
2026-04-01 10:06:30 - ==================================================
2026-04-01 10:07:31 - 
==================================================
2026-04-01 10:07:31 - ==================================================
2026-04-01 10:08:31 - 
==================================================
2026-04-01 10:08:31 - ==================================================
2026-04-01 10:09:32 - 
==================================================
2026-04-01 10:09:32 - ==================================================
2026-04-01 10:10:32 - 
==================================================
2026-04-01 10:10:32 - ==================================================
2026-04-01 10:11:33 - 
==================================================
2026-04-01 10:11:33 - ==================================================
2026-04-01 10:12:33 - 
==================================================
2026-04-01 10:12:33 - ==================================================
2026-04-01 10:13:33 - 
==================================================
2026-04-01 10:13:33 - ==================================================
2026-04-01 10:14:34 - 
==================================================
2026-04-01 10:14:34 - ==================================================
2026-04-01 10:16:04 - 
==================================================
2026-04-01 10:16:04 - ==================================================
2026-04-01 10:17:35 - 
==================================================
2026-04-01 10:17:35 - ==================================================
2026-04-01 10:19:06 - 
==================================================
2026-04-01 10:19:06 - ==================================================
2026-04-01 10:20:36 - 
==================================================
2026-04-01 10:20:36 - ==================================================
2026-04-01 10:22:07 - 
==================================================
2026-04-01 10:22:07 - ==================================================
2026-04-01 10:23:38 - 
==================================================
2026-04-01 10:23:38 - ==================================================
2026-04-01 10:24:38 - 
==================================================
2026-04-01 10:24:38 - ==================================================
2026-04-01 10:25:38 - 
==================================================
2026-04-01 10:25:38 - ==================================================
2026-04-01 10:26:39 - 
==================================================
2026-04-01 10:26:39 - ==================================================
2026-04-01 10:27:39 - 
==================================================
2026-04-01 10:27:39 - ==================================================
2026-04-01 10:28:40 - 
==================================================
2026-04-01 10:28:40 - ==================================================
2026-04-01 10:29:40 - 
==================================================
2026-04-01 10:29:40 - ==================================================
2026-04-01 10:30:40 - 
==================================================
2026-04-01 10:30:40 - ==================================================
2026-04-01 10:31:41 - 
==================================================
2026-04-01 10:31:41 - ==================================================
2026-04-01 10:32:41 - 
==================================================
2026-04-01 10:32:41 - ==================================================
2026-04-01 10:33:42 - 
==================================================
2026-04-01 10:33:42 - ==================================================
2026-04-01 10:34:42 - 
==================================================
2026-04-01 10:34:42 - ==================================================
2026-04-01 10:35:43 - 
==================================================
2026-04-01 10:35:43 - ==================================================
2026-04-01 10:36:43 - 
==================================================
2026-04-01 10:36:43 - ==================================================
2026-04-01 10:37:44 - 
==================================================
2026-04-01 10:37:44 - ==================================================
2026-04-01 10:38:44 - 
==================================================
2026-04-01 10:38:44 - ==================================================
2026-04-01 10:39:44 - 
==================================================
2026-04-01 10:39:44 - ==================================================
2026-04-01 10:40:45 - 
==================================================
2026-04-01 10:40:45 - ==================================================
2026-04-01 10:41:45 - 
==================================================
2026-04-01 10:41:45 - ==================================================
2026-04-01 10:42:45 - 
==================================================
2026-04-01 10:42:45 - ==================================================
2026-04-01 10:43:46 - 
==================================================
2026-04-01 10:43:46 - ==================================================
2026-04-01 10:44:46 - 
==================================================
2026-04-01 10:44:46 - ==================================================
2026-04-01 10:45:47 - 
==================================================
2026-04-01 10:45:47 - ==================================================
2026-04-01 10:46:47 - 
==================================================
2026-04-01 10:46:47 - ==================================================
2026-04-01 10:48:18 - 
==================================================
2026-04-01 10:48:18 - ==================================================
2026-04-01 10:49:48 - 
==================================================
2026-04-01 10:49:48 - ==================================================
2026-04-01 10:51:19 - 
==================================================
2026-04-01 10:51:19 - ==================================================
2026-04-01 10:52:50 - 
==================================================
2026-04-01 10:52:50 - ==================================================
2026-04-01 10:54:20 - 
==================================================
2026-04-01 10:54:21 - ==================================================
2026-04-01 10:55:51 - 
==================================================
2026-04-01 10:55:51 - ==================================================
2026-04-01 10:57:22 - 
==================================================
2026-04-01 10:57:22 - ==================================================
2026-04-01 10:58:22 - 
==================================================
2026-04-01 10:58:22 - ==================================================
2026-04-01 10:59:23 - 
==================================================
2026-04-01 10:59:23 - ==================================================
2026-04-01 11:00:23 - 
==================================================
2026-04-01 11:00:23 - ==================================================
2026-04-01 11:01:24 - 
==================================================
2026-04-01 11:01:24 - ==================================================
2026-04-01 11:02:24 - 
==================================================
2026-04-01 11:02:24 - ==================================================
2026-04-01 11:03:24 - 
==================================================
2026-04-01 11:03:24 - ==================================================
2026-04-01 11:04:25 - 
==================================================
2026-04-01 11:04:25 - ==================================================
2026-04-01 11:05:25 - 
==================================================
2026-04-01 11:05:25 - ==================================================
2026-04-01 11:06:25 - 
==================================================
2026-04-01 11:06:25 - ==================================================
2026-04-01 11:07:26 - 
==================================================
2026-04-01 11:07:26 - ==================================================
2026-04-01 11:08:26 - 
==================================================
2026-04-01 11:08:26 - ==================================================
2026-04-01 11:09:57 - 
==================================================
2026-04-01 11:09:57 - ==================================================
2026-04-01 11:11:28 - 
==================================================
2026-04-01 11:11:28 - ==================================================
2026-04-01 11:12:58 - 
==================================================
2026-04-01 11:12:58 - ==================================================
2026-04-01 11:14:29 - 
==================================================
2026-04-01 11:14:29 - ==================================================
2026-04-01 11:16:00 - 
==================================================
2026-04-01 11:16:00 - ==================================================
2026-04-01 11:17:00 - 
==================================================
2026-04-01 11:17:00 - ==================================================
2026-04-01 11:18:01 - 
==================================================
2026-04-01 11:18:01 - ==================================================
2026-04-01 11:19:01 - 
==================================================
2026-04-01 11:19:01 - ==================================================
2026-04-01 11:20:02 - 
==================================================
2026-04-01 11:20:02 - ==================================================
2026-04-01 11:21:02 - 
==================================================
2026-04-01 11:21:02 - ==================================================
2026-04-01 11:22:02 - 
==================================================
2026-04-01 11:22:02 - ==================================================
2026-04-01 11:23:03 - 
==================================================
2026-04-01 11:23:03 - ==================================================
2026-04-01 11:24:03 - 
==================================================
2026-04-01 11:24:03 - ==================================================
2026-04-01 11:25:04 - 
==================================================
2026-04-01 11:25:04 - ==================================================
2026-04-01 11:26:04 - 
==================================================
2026-04-01 11:26:04 - ==================================================
2026-04-01 11:27:05 - 
==================================================
2026-04-01 11:27:05 - ==================================================
2026-04-01 11:28:05 - 
==================================================
2026-04-01 11:28:05 - ==================================================
2026-04-01 11:29:05 - 
==================================================
2026-04-01 11:29:05 - ==================================================
2026-04-01 11:30:06 - 
==================================================
2026-04-01 11:30:06 - ==================================================
2026-04-01 11:31:06 - 
==================================================
2026-04-01 11:31:06 - ==================================================
2026-04-01 11:32:07 - 
==================================================
2026-04-01 11:32:07 - ==================================================
2026-04-01 11:33:07 - 
==================================================
2026-04-01 11:33:07 - ==================================================
2026-04-01 11:34:38 - 
==================================================
2026-04-01 11:34:38 - ==================================================
2026-04-01 11:36:09 - 
==================================================
2026-04-01 11:36:09 - ==================================================
2026-04-01 11:37:39 - 
==================================================
2026-04-01 11:37:39 - ==================================================
2026-04-01 11:39:10 - 
==================================================
2026-04-01 11:39:10 - ==================================================
2026-04-01 11:40:40 - 
==================================================
2026-04-01 11:40:40 - ==================================================
2026-04-01 11:41:41 - 
==================================================
2026-04-01 11:41:41 - ==================================================
2026-04-01 11:42:41 - 
==================================================
2026-04-01 11:42:41 - ==================================================
2026-04-01 11:43:42 - 
==================================================
2026-04-01 11:43:42 - ==================================================
2026-04-01 11:44:42 - 
==================================================
2026-04-01 11:44:42 - ==================================================
2026-04-01 11:45:42 - 
==================================================
2026-04-01 11:45:42 - ==================================================
2026-04-01 11:46:43 - 
==================================================
2026-04-01 11:46:43 - ==================================================
2026-04-01 11:47:43 - 
==================================================
2026-04-01 11:47:43 - ==================================================
2026-04-01 11:48:43 - 
==================================================
2026-04-01 11:48:43 - ==================================================
2026-04-01 11:49:44 - 
==================================================
2026-04-01 11:49:44 - ==================================================
2026-04-01 11:50:44 - 
==================================================
2026-04-01 11:50:44 - ==================================================
2026-04-01 11:51:45 - 
==================================================
2026-04-01 11:51:45 - ==================================================
2026-04-01 11:52:45 - 
==================================================
2026-04-01 11:52:45 - ==================================================
2026-04-01 11:53:46 - 
==================================================
2026-04-01 11:53:46 - ==================================================
2026-04-01 11:54:46 - 
==================================================
2026-04-01 11:54:46 - ==================================================
2026-04-01 11:55:46 - 
==================================================
2026-04-01 11:55:46 - ==================================================
2026-04-01 11:56:47 - 
==================================================
2026-04-01 11:56:47 - ==================================================
2026-04-01 11:57:47 - 
==================================================
2026-04-01 11:57:47 - ==================================================
2026-04-01 11:58:47 - 
==================================================
2026-04-01 11:58:47 - ==================================================
2026-04-01 11:59:48 - 
==================================================
2026-04-01 11:59:48 - ==================================================
2026-04-01 12:00:48 - 
==================================================
2026-04-01 12:00:48 - ==================================================
2026-04-01 12:01:49 - 
==================================================
2026-04-01 12:01:49 - ==================================================
2026-04-01 12:02:49 - 
==================================================
2026-04-01 12:02:49 - ==================================================
2026-04-01 12:03:49 - 
==================================================
2026-04-01 12:03:49 - ==================================================
2026-04-01 12:04:50 - 
==================================================
2026-04-01 12:04:50 - ==================================================
2026-04-01 12:05:50 - 
==================================================
2026-04-01 12:05:50 - ==================================================
2026-04-01 12:06:51 - 
==================================================
2026-04-01 12:06:51 - ==================================================
2026-04-01 12:07:51 - 
==================================================
2026-04-01 12:07:51 - ==================================================
2026-04-01 12:08:51 - 
==================================================
2026-04-01 12:08:51 - ==================================================
2026-04-01 12:10:22 - 
==================================================
2026-04-01 12:10:22 - ==================================================
2026-04-01 12:11:53 - 
==================================================
2026-04-01 12:11:53 - ==================================================
2026-04-01 12:13:23 - 
==================================================
2026-04-01 12:13:23 - ==================================================
2026-04-01 12:14:54 - 
==================================================
2026-04-01 12:14:54 - ==================================================
2026-04-01 12:16:25 - 
==================================================
2026-04-01 12:16:25 - ==================================================
2026-04-01 12:17:55 - 
==================================================
2026-04-01 12:17:55 - ==================================================
2026-04-01 12:18:56 - 
==================================================
2026-04-01 12:18:56 - ==================================================
2026-04-01 12:19:56 - 
==================================================
2026-04-01 12:19:56 - ==================================================
2026-04-01 12:20:57 - 
==================================================
2026-04-01 12:20:57 - ==================================================
2026-04-01 12:21:57 - 
==================================================
2026-04-01 12:21:57 - ==================================================
2026-04-01 12:22:57 - 
==================================================
2026-04-01 12:22:57 - ==================================================
2026-04-01 12:23:58 - 
==================================================
2026-04-01 12:23:58 - ==================================================
2026-04-01 12:24:58 - 
==================================================
2026-04-01 12:24:58 - ==================================================
2026-04-01 12:25:58 - 
==================================================
2026-04-01 12:25:58 - ==================================================
2026-04-01 12:26:59 - 
==================================================
2026-04-01 12:26:59 - ==================================================
2026-04-01 12:28:30 - 
==================================================
2026-04-01 12:28:30 - ==================================================
2026-04-01 12:30:00 - 
==================================================
2026-04-01 12:30:00 - ==================================================
2026-04-01 12:31:31 - 
==================================================
2026-04-01 12:31:31 - ==================================================
2026-04-01 12:33:02 - 
==================================================
2026-04-01 12:33:02 - ==================================================
2026-04-01 12:34:33 - 
==================================================
2026-04-01 12:34:33 - ==================================================
2026-04-01 12:35:33 - 
==================================================
2026-04-01 12:35:33 - ==================================================
2026-04-01 12:36:34 - 
==================================================
2026-04-01 12:36:34 - ==================================================
2026-04-01 12:37:34 - 
==================================================
2026-04-01 12:37:34 - ==================================================
2026-04-01 12:38:35 - 
==================================================
2026-04-01 12:38:35 - ==================================================
2026-04-01 12:39:35 - 
==================================================
2026-04-01 12:39:35 - ==================================================
2026-04-01 12:40:35 - 
==================================================
2026-04-01 12:40:35 - ==================================================
2026-04-01 12:41:36 - 
==================================================
2026-04-01 12:41:36 - ==================================================
2026-04-01 12:42:36 - 
==================================================
2026-04-01 12:42:36 - ==================================================
2026-04-01 12:43:37 - 
==================================================
2026-04-01 12:43:37 - ==================================================
2026-04-01 12:44:37 - 
==================================================
2026-04-01 12:44:37 - ==================================================
2026-04-01 12:45:37 - 
==================================================
2026-04-01 12:45:37 - ==================================================
2026-04-01 12:46:38 - 
==================================================
2026-04-01 12:46:38 - ==================================================
2026-04-01 12:47:38 - 
==================================================
2026-04-01 12:47:38 - ==================================================
2026-04-01 12:48:39 - 
==================================================
2026-04-01 12:48:39 - ==================================================
2026-04-01 12:49:39 - 
==================================================
2026-04-01 12:49:39 - ==================================================
2026-04-01 12:50:39 - 
==================================================
2026-04-01 12:50:39 - ==================================================
2026-04-01 12:51:40 - 
==================================================
2026-04-01 12:51:40 - ==================================================
2026-04-01 12:52:40 - 
==================================================
2026-04-01 12:52:40 - ==================================================
2026-04-01 12:53:40 - 
==================================================
2026-04-01 12:53:40 - ==================================================
2026-04-01 12:54:41 - 
==================================================
2026-04-01 12:54:41 - ==================================================
2026-04-01 12:55:41 - 
==================================================
2026-04-01 12:55:41 - ==================================================
2026-04-01 12:56:42 - 
==================================================
2026-04-01 12:56:42 - ==================================================
2026-04-01 12:57:42 - 
==================================================
2026-04-01 12:57:42 - ==================================================
2026-04-01 12:58:42 - 
==================================================
2026-04-01 12:58:42 - ==================================================
2026-04-01 12:59:43 - 
==================================================
2026-04-01 12:59:43 - ==================================================
2026-04-01 13:00:43 - 
==================================================
2026-04-01 13:00:43 - ==================================================
2026-04-01 13:02:14 - 
==================================================
2026-04-01 13:02:14 - ==================================================
2026-04-01 13:03:45 - 
==================================================
2026-04-01 13:03:45 - ==================================================
2026-04-01 13:05:15 - 
==================================================
2026-04-01 13:05:15 - ==================================================
2026-04-01 13:06:46 - 
==================================================
2026-04-01 13:06:46 - ==================================================
2026-04-01 13:08:17 - 
==================================================
2026-04-01 13:08:17 - ==================================================
2026-04-01 13:09:17 - 
==================================================
2026-04-01 13:09:17 - ==================================================
2026-04-01 13:10:18 - 
==================================================
2026-04-01 13:10:18 - ==================================================
2026-04-01 13:11:18 - 
==================================================
2026-04-01 13:11:18 - ==================================================
2026-04-01 13:12:19 - 
==================================================
2026-04-01 13:12:19 - ==================================================
2026-04-01 13:13:19 - 
==================================================
2026-04-01 13:13:19 - ==================================================
2026-04-01 13:14:20 - 
==================================================
2026-04-01 13:14:20 - ==================================================
2026-04-01 13:15:20 - 
==================================================
2026-04-01 13:15:20 - ==================================================
2026-04-01 13:16:20 - 
==================================================
2026-04-01 13:16:20 - ==================================================
2026-04-01 13:17:21 - 
==================================================
2026-04-01 13:17:21 - ==================================================
2026-04-01 13:18:21 - 
==================================================
2026-04-01 13:18:21 - ==================================================
2026-04-01 13:19:22 - 
==================================================
2026-04-01 13:19:22 - ==================================================
2026-04-01 13:20:22 - 
==================================================
2026-04-01 13:20:22 - ==================================================
2026-04-01 13:21:23 - 
==================================================
2026-04-01 13:21:23 - ==================================================
2026-04-01 13:22:23 - 
==================================================
2026-04-01 13:22:23 - ==================================================
2026-04-01 13:23:24 - 
==================================================
2026-04-01 13:23:24 - ==================================================
2026-04-01 13:24:24 - 
==================================================
2026-04-01 13:24:24 - ==================================================
2026-04-01 13:25:24 - 
==================================================
2026-04-01 13:25:24 - ==================================================
2026-04-01 13:26:25 - 
==================================================
2026-04-01 13:26:25 - ==================================================
2026-04-01 13:27:25 - 
==================================================
2026-04-01 13:27:25 - ==================================================
2026-04-01 13:28:26 - 
==================================================
2026-04-01 13:28:26 - ==================================================
2026-04-01 13:29:26 - 
==================================================
2026-04-01 13:29:26 - ==================================================
2026-04-01 13:30:27 - 
==================================================
2026-04-01 13:30:27 - ==================================================
2026-04-01 13:31:27 - 
==================================================
2026-04-01 13:31:27 - ==================================================
2026-04-01 13:32:28 - 
==================================================
2026-04-01 13:32:28 - ==================================================
2026-04-01 13:33:28 - 
==================================================
2026-04-01 13:33:28 - ==================================================
2026-04-01 13:34:28 - 
==================================================
2026-04-01 13:34:28 - ==================================================
2026-04-01 13:35:29 - 
==================================================
2026-04-01 13:35:29 - ==================================================
2026-04-01 13:36:59 - 
==================================================
2026-04-01 13:36:59 - ==================================================
2026-04-01 13:38:30 - 
==================================================
2026-04-01 13:38:30 - ==================================================
2026-04-01 13:40:01 - 
==================================================
2026-04-01 13:40:01 - ==================================================
2026-04-01 13:41:31 - 
==================================================
2026-04-01 13:41:31 - ==================================================
2026-04-01 13:43:02 - 
==================================================
2026-04-01 13:43:02 - ==================================================
2026-04-01 13:44:33 - 
==================================================
2026-04-01 13:44:33 - ==================================================
2026-04-01 13:46:04 - 
==================================================
2026-04-01 13:46:04 - ==================================================
2026-04-01 13:47:04 - 
==================================================
2026-04-01 13:47:04 - ==================================================
2026-04-01 13:48:04 - 
==================================================
2026-04-01 13:48:04 - ==================================================
2026-04-01 13:49:05 - 
==================================================
2026-04-01 13:49:05 - ==================================================
2026-04-01 13:50:05 - 
==================================================
2026-04-01 13:50:05 - ==================================================
2026-04-01 13:51:06 - 
==================================================
2026-04-01 13:51:06 - ==================================================
2026-04-01 13:52:06 - 
==================================================
2026-04-01 13:52:06 - ==================================================
2026-04-01 13:53:06 - 
==================================================
2026-04-01 13:53:06 - ==================================================
2026-04-01 13:54:07 - 
==================================================
2026-04-01 13:54:07 - ==================================================
2026-04-01 13:55:07 - 
==================================================
2026-04-01 13:55:07 - ==================================================
2026-04-01 13:56:08 - 
==================================================
2026-04-01 13:56:08 - ==================================================
2026-04-01 13:57:08 - 
==================================================
2026-04-01 13:57:08 - ==================================================
2026-04-01 13:58:08 - 
==================================================
2026-04-01 13:58:08 - ==================================================
2026-04-01 13:59:39 - 
==================================================
2026-04-01 13:59:39 - ==================================================
2026-04-01 14:01:10 - 
==================================================
2026-04-01 14:01:10 - ==================================================
2026-04-01 14:02:40 - 
==================================================
2026-04-01 14:02:40 - ==================================================
2026-04-01 14:04:11 - 
==================================================
2026-04-01 14:04:11 - ==================================================
2026-04-01 14:05:42 - 
==================================================
2026-04-01 14:05:42 - ==================================================
2026-04-01 14:06:42 - 
==================================================
2026-04-01 14:06:42 - ==================================================
2026-04-01 14:07:43 - 
==================================================
2026-04-01 14:07:43 - ==================================================
2026-04-01 14:08:43 - 
==================================================
2026-04-01 14:08:43 - ==================================================
2026-04-01 14:09:44 - 
==================================================
2026-04-01 14:09:44 - ==================================================
2026-04-01 14:10:44 - 
==================================================
2026-04-01 14:10:44 - ==================================================
2026-04-01 14:11:45 - 
==================================================
2026-04-01 14:11:45 - ==================================================
2026-04-01 14:12:45 - 
==================================================
2026-04-01 14:12:45 - ==================================================
2026-04-01 14:13:45 - 
==================================================
2026-04-01 14:13:45 - ==================================================
2026-04-01 14:14:46 - 
==================================================
2026-04-01 14:14:46 - ==================================================
2026-04-01 14:15:46 - 
==================================================
2026-04-01 14:15:46 - ==================================================
2026-04-01 14:16:46 - 
==================================================
2026-04-01 14:16:46 - ==================================================
2026-04-01 14:17:47 - 
==================================================
2026-04-01 14:17:47 - ==================================================
2026-04-01 14:18:47 - 
==================================================
2026-04-01 14:18:47 - ==================================================
2026-04-01 14:19:48 - 
==================================================
2026-04-01 14:19:48 - ==================================================
2026-04-01 14:20:48 - 
==================================================
2026-04-01 14:20:48 - ==================================================
2026-04-01 14:21:48 - 
==================================================
2026-04-01 14:21:48 - ==================================================
2026-04-01 14:22:49 - 
==================================================
2026-04-01 14:22:49 - ==================================================
2026-04-01 14:23:49 - 
==================================================
2026-04-01 14:23:49 - ==================================================
2026-04-01 14:24:49 - 
==================================================
2026-04-01 14:24:49 - ==================================================
2026-04-01 14:26:20 - 
==================================================
2026-04-01 14:26:20 - ==================================================
2026-04-01 14:27:51 - 
==================================================
2026-04-01 14:27:51 - ==================================================
2026-04-01 14:29:22 - 
==================================================
2026-04-01 14:29:22 - ==================================================
2026-04-01 14:30:52 - 
==================================================
2026-04-01 14:30:52 - ==================================================
2026-04-01 14:32:23 - 
==================================================
2026-04-01 14:32:23 - ==================================================
2026-04-01 14:33:54 - 
==================================================
2026-04-01 14:33:54 - ==================================================
2026-04-01 14:34:54 - 
==================================================
2026-04-01 14:34:54 - ==================================================
2026-04-01 14:35:55 - 
==================================================
2026-04-01 14:35:55 - ==================================================
2026-04-01 14:36:55 - 
==================================================
2026-04-01 14:36:55 - ==================================================
2026-04-01 14:37:56 - 
==================================================
2026-04-01 14:37:56 - ==================================================
2026-04-01 14:38:56 - 
==================================================
2026-04-01 14:38:56 - ==================================================
2026-04-01 14:39:56 - 
==================================================
2026-04-01 14:39:56 - ==================================================
2026-04-01 14:40:57 - 
==================================================
2026-04-01 14:40:57 - ==================================================
2026-04-01 14:41:57 - 
==================================================
2026-04-01 14:41:57 - ==================================================
2026-04-01 14:42:58 - 
==================================================
2026-04-01 14:42:58 - ==================================================
2026-04-01 14:43:58 - 
==================================================
2026-04-01 14:43:58 - ==================================================
2026-04-01 14:44:58 - 
==================================================
2026-04-01 14:44:58 - ==================================================
2026-04-01 14:45:59 - 
==================================================
2026-04-01 14:45:59 - ==================================================
2026-04-01 14:46:59 - 
==================================================
2026-04-01 14:46:59 - ==================================================
2026-04-01 14:48:00 - 
==================================================
2026-04-01 14:48:00 - ==================================================
2026-04-01 14:49:00 - 
==================================================
2026-04-01 14:49:00 - ==================================================
2026-04-01 14:50:00 - 
==================================================
2026-04-01 14:50:00 - ==================================================
2026-04-01 14:51:01 - 
==================================================
2026-04-01 14:51:01 - ==================================================
2026-04-01 14:52:01 - 
==================================================
2026-04-01 14:52:01 - ==================================================
2026-04-01 14:53:02 - 
==================================================
2026-04-01 14:53:02 - ==================================================
2026-04-01 14:54:02 - 
==================================================
2026-04-01 14:54:02 - ==================================================
2026-04-01 14:55:03 - 
==================================================
2026-04-01 14:55:03 - ==================================================
2026-04-01 14:56:03 - 
==================================================
2026-04-01 14:56:03 - ==================================================
2026-04-01 14:57:04 - 
==================================================
2026-04-01 14:57:04 - ==================================================
2026-04-01 14:58:04 - 
==================================================
2026-04-01 14:58:04 - ==================================================
2026-04-01 14:59:05 - 
==================================================
2026-04-01 14:59:05 - ==================================================
2026-04-01 15:00:05 - 
==================================================
2026-04-01 15:00:05 - ==================================================
2026-04-01 15:01:36 - 
==================================================
2026-04-01 15:01:36 - ==================================================
2026-04-01 15:03:06 - 
==================================================
2026-04-01 15:03:06 - ==================================================
2026-04-01 15:04:37 - 
==================================================
2026-04-01 15:04:37 - ==================================================
2026-04-01 15:06:08 - 
==================================================
2026-04-01 15:06:08 - ==================================================
2026-04-01 15:07:38 - 
==================================================
2026-04-01 15:07:38 - ==================================================
2026-04-01 15:08:39 - 
==================================================
2026-04-01 15:08:39 - ==================================================
2026-04-01 15:09:39 - 
==================================================
2026-04-01 15:09:39 - ==================================================
2026-04-01 15:10:40 - 
==================================================
2026-04-01 15:10:40 - ==================================================
2026-04-01 15:11:40 - 
==================================================
2026-04-01 15:11:40 - ==================================================
2026-04-01 15:12:40 - 
==================================================
2026-04-01 15:12:40 - ==================================================
2026-04-01 15:13:41 - 
==================================================
2026-04-01 15:13:41 - ==================================================
2026-04-01 15:14:41 - 
==================================================
2026-04-01 15:14:41 - ==================================================
2026-04-01 15:15:42 - 
==================================================
2026-04-01 15:15:42 - ==================================================
2026-04-01 15:16:42 - 
==================================================
2026-04-01 15:16:42 - ==================================================
2026-04-01 15:17:42 - 
==================================================
2026-04-01 15:17:42 - ==================================================
2026-04-01 15:18:43 - 
==================================================
2026-04-01 15:18:43 - ==================================================
2026-04-01 15:19:43 - 
==================================================
2026-04-01 15:19:43 - ==================================================
2026-04-01 15:20:44 - 
==================================================
2026-04-01 15:20:44 - ==================================================
2026-04-01 15:22:14 - 
==================================================
2026-04-01 15:22:14 - ==================================================
2026-04-01 15:23:45 - 
==================================================
2026-04-01 15:23:45 - ==================================================
2026-04-01 15:25:16 - 
==================================================
2026-04-01 15:25:16 - ==================================================
2026-04-01 15:26:46 - 
==================================================
2026-04-01 15:26:46 - ==================================================
2026-04-01 15:28:17 - 
==================================================
2026-04-01 15:28:17 - ==================================================
2026-04-01 15:29:17 - 
==================================================
2026-04-01 15:29:17 - ==================================================
2026-04-01 15:30:18 - 
==================================================
2026-04-01 15:30:18 - ==================================================
2026-04-01 15:30:33 - 
============================================================
2026-04-01 15:30:33 - ============================================================
