2026-02-24 23:53:11,530 - INFO - ============================================================
2026-02-24 23:53:11,742 - INFO -    Total Orders: 0
2026-02-24 23:53:11,743 - INFO -    Closed Orders: 0
2026-02-24 23:53:11,750 - INFO -    Win Rate: 0.0%
2026-02-24 23:53:11,750 - INFO -    Report saved: c:/cursor/options/niftyopt/daily_report_20260224.json
2026-02-24 23:55:59,771 - INFO - STARTING REAL-TIME STRATEGY EXECUTOR
2026-02-24 23:55:59,772 - INFO - ============================================================
2026-02-24 23:55:59,985 - INFO - Connected to Dhan API
2026-02-24 23:55:59,986 - INFO - Starting real-time strategy execution
2026-02-24 23:55:59,987 - INFO - Trading window: 09:00 to 15:15
2026-02-24 23:55:59,987 - INFO - Closing all open orders at market close
2026-02-24 23:55:59,989 - INFO - Session data saved to c:/cursor/options/niftyopt/session_data_20260224.json
2026-02-24 23:55:59,990 - INFO - DAILY REPORT:
2026-02-24 23:55:59,992 - INFO -    Total Orders: 0
2026-02-24 23:55:59,993 - INFO -    Closed Orders: 0
2026-02-24 23:55:59,993 - INFO -    Total P&L: 0.00
2026-02-24 23:55:59,993 - INFO -    Net P&L: 0.00
2026-02-24 23:55:59,994 - INFO -    Win Rate: 0.0%
2026-02-24 23:55:59,994 - INFO -    Report saved: c:/cursor/options/niftyopt/daily_report_20260224.json
2026-02-24 23:55:59,994 - INFO - Strategy execution completed
