2026-04-02 07:23:26 - --------------------------------------------------
2026-04-02 07:24:01 - ============================================================
2026-04-02 07:26:34 - 
==================================================
2026-04-02 07:26:34 - ==================================================
2026-04-02 07:29:06 - 
==================================================
2026-04-02 07:29:06 - ==================================================
2026-04-02 07:32:39 - 
==================================================
2026-04-02 07:32:39 - ==================================================
2026-04-02 07:35:11 - 
==================================================
2026-04-02 07:35:11 - ==================================================
2026-04-02 07:37:43 - 
==================================================
2026-04-02 07:37:43 - ==================================================
2026-04-02 07:45:20 - 
==================================================
2026-04-02 07:45:20 - ==================================================
2026-04-02 07:47:52 - 
==================================================
2026-04-02 07:47:52 - ==================================================
2026-04-02 07:51:25 - 
==================================================
2026-04-02 07:51:25 - ==================================================
2026-04-02 07:53:58 - 
==================================================
2026-04-02 07:53:58 - ==================================================
2026-04-02 07:56:30 - 
==================================================
2026-04-02 07:56:30 - ==================================================
2026-04-02 07:59:02 - 
==================================================
2026-04-02 07:59:02 - ==================================================
2026-04-02 08:02:36 - 
==================================================
2026-04-02 08:02:36 - ==================================================
2026-04-02 08:07:10 - 
==================================================
2026-04-02 08:07:10 - ==================================================
2026-04-02 08:09:42 - 
==================================================
2026-04-02 08:09:42 - ==================================================
2026-04-02 08:13:15 - 
==================================================
2026-04-02 08:13:15 - ==================================================
2026-04-02 08:15:48 - 
==================================================
2026-04-02 08:15:48 - ==================================================
2026-04-02 08:18:20 - 
==================================================
2026-04-02 08:18:20 - ==================================================
2026-04-02 08:21:53 - 
==================================================
2026-04-02 08:21:53 - ==================================================
2026-04-02 08:24:25 - 
==================================================
2026-04-02 08:24:25 - ==================================================
2026-04-02 08:26:57 - 
==================================================
2026-04-02 08:26:57 - ==================================================
2026-04-02 08:29:29 - 
==================================================
2026-04-02 08:29:29 - ==================================================
2026-04-02 08:33:03 - 
==================================================
2026-04-02 08:33:03 - ==================================================
2026-04-02 08:35:35 - 
==================================================
2026-04-02 08:35:35 - ==================================================
2026-04-02 08:38:08 - 
==================================================
2026-04-02 08:38:08 - ==================================================
2026-04-02 08:40:40 - 
==================================================
2026-04-02 08:40:40 - ==================================================
2026-04-02 08:43:43 - 
==================================================
2026-04-02 08:43:43 - ==================================================
2026-04-02 08:48:17 - 
==================================================
2026-04-02 08:48:17 - ==================================================
2026-04-02 08:50:49 - 
==================================================
2026-04-02 08:50:49 - ==================================================
2026-04-02 08:54:22 - 
==================================================
2026-04-02 08:54:22 - ==================================================
2026-04-02 08:56:55 - 
==================================================
2026-04-02 08:56:55 - ==================================================
2026-04-02 08:59:27 - 
==================================================
2026-04-02 08:59:27 - ==================================================
2026-04-02 09:03:00 - 
==================================================
2026-04-02 09:03:00 - ==================================================
2026-04-02 09:05:32 - 
==================================================
2026-04-02 09:05:32 - ==================================================
2026-04-02 09:08:04 - 
==================================================
2026-04-02 09:08:04 - ==================================================
2026-04-02 09:10:36 - 
==================================================
2026-04-02 09:10:36 - ==================================================
2026-04-02 09:14:09 - 
==================================================
2026-04-02 09:14:09 - ==================================================
2026-04-02 09:16:41 - 
==================================================
2026-04-02 09:16:41 - ==================================================
2026-04-02 09:19:13 - 
==================================================
2026-04-02 09:19:13 - ==================================================
2026-04-02 09:21:52 - 
==================================================
2026-04-02 09:21:52 - ==================================================
2026-04-02 09:24:57 - 
==================================================
2026-04-02 09:24:57 - ==================================================
2026-04-02 09:27:36 - 
==================================================
2026-04-02 09:27:36 - ==================================================
2026-04-02 09:30:16 - 
==================================================
2026-04-02 09:30:20 - ==================================================
2026-04-02 09:33:20 - 
==================================================
2026-04-02 09:33:28 - ==================================================
2026-04-02 09:36:49 - 
==================================================
2026-04-02 09:36:49 - ==================================================
2026-04-02 09:47:37 - 
==================================================
2026-04-02 09:47:37 - ==================================================
2026-04-02 09:50:09 - 
==================================================
2026-04-02 09:50:09 - ==================================================
2026-04-02 09:52:40 - 
==================================================
2026-04-02 09:52:40 - ==================================================
2026-04-02 09:55:12 - 
==================================================
2026-04-02 09:55:12 - ==================================================
2026-04-02 09:58:45 - 
==================================================
2026-04-02 09:58:45 - ==================================================
2026-04-02 10:01:17 - 
==================================================
2026-04-02 10:01:17 - ==================================================
2026-04-02 10:03:49 - 
==================================================
2026-04-02 10:03:49 - ==================================================
2026-04-02 10:07:22 - 
==================================================
2026-04-02 10:07:22 - ==================================================
2026-04-02 10:09:53 - 
==================================================
2026-04-02 10:09:53 - ==================================================
2026-04-02 10:12:25 - 
==================================================
2026-04-02 10:12:25 - ==================================================
2026-04-02 10:14:57 - 
==================================================
2026-04-02 10:14:57 - ==================================================
2026-04-02 10:19:14 - 
==================================================
2026-04-02 10:19:21 - ==================================================
2026-04-02 10:20:25 - 
==================================================
2026-04-02 10:20:26 - ==================================================
2026-04-02 10:23:17 - 
==================================================
2026-04-02 10:23:26 - ==================================================
2026-04-02 10:25:59 - 
==================================================
2026-04-02 10:25:59 - ==================================================
2026-04-02 10:27:01 - 
==================================================
2026-04-02 10:27:01 - ==================================================
2026-04-02 10:30:26 - 
==================================================
2026-04-02 10:30:31 - ==================================================
2026-04-02 10:34:02 - 
==================================================
2026-04-02 10:34:05 - ==================================================
2026-04-02 10:37:11 - 
==================================================
2026-04-02 10:37:12 - ==================================================
2026-04-02 10:41:03 - 
==================================================
2026-04-02 10:41:21 - ==================================================
2026-04-02 10:45:52 - 
==================================================
2026-04-02 10:46:13 - ==================================================
2026-04-02 10:49:37 - 
==================================================
2026-04-02 10:49:37 - ==================================================
2026-04-02 10:53:15 - 
==================================================
2026-04-02 10:53:22 - ==================================================
2026-04-02 10:56:40 - 
==================================================
2026-04-02 10:56:40 - ==================================================
2026-04-02 11:00:58 - 
==================================================
2026-04-02 11:01:14 - ==================================================
2026-04-02 11:04:41 - 
==================================================
2026-04-02 11:04:53 - ==================================================
2026-04-02 11:08:48 - 
==================================================
2026-04-02 11:08:49 - ==================================================
2026-04-02 11:11:57 - 
==================================================
2026-04-02 11:12:10 - ==================================================
2026-04-02 11:16:56 - 
==================================================
2026-04-02 11:17:10 - ==================================================
2026-04-02 11:22:12 - 
==================================================
2026-04-02 11:22:14 - ==================================================
2026-04-02 11:27:58 - 
==================================================
2026-04-02 11:27:58 - ==================================================
2026-04-02 11:32:23 - 
==================================================
2026-04-02 11:32:23 - ==================================================
2026-04-02 11:36:43 - 
==================================================
2026-04-02 11:37:00 - ==================================================
2026-04-02 11:42:40 - 
==================================================
2026-04-02 11:42:40 - ==================================================
2026-04-02 11:47:20 - 
==================================================
2026-04-02 11:47:20 - ==================================================
2026-04-02 11:49:41 - 
==================================================
2026-04-02 11:50:09 - ==================================================
2026-04-02 11:55:08 - 
==================================================
2026-04-02 11:55:16 - ==================================================
2026-04-02 12:01:43 - 
==================================================
2026-04-02 12:01:44 - ==================================================
2026-04-02 12:05:47 - 
==================================================
2026-04-02 12:05:48 - ==================================================
2026-04-02 12:11:27 - 
==================================================
2026-04-02 12:11:28 - ==================================================
2026-04-02 12:15:16 - 
==================================================
2026-04-02 12:15:16 - ==================================================
2026-04-02 12:19:05 - 
==================================================
2026-04-02 12:19:05 - ==================================================
2026-04-02 12:22:54 - 
==================================================
2026-04-02 12:23:02 - ==================================================
2026-04-02 12:24:49 - 
==================================================
2026-04-02 12:24:57 - ==================================================
2026-04-02 12:36:47 - 
==================================================
2026-04-02 12:36:51 - ==================================================
2026-04-02 12:42:12 - 
==================================================
2026-04-02 12:42:16 - ==================================================
2026-04-02 12:49:14 - 
==================================================
2026-04-02 12:49:14 - ==================================================
2026-04-02 12:55:44 - 
==================================================
2026-04-02 12:55:55 - ==================================================
2026-04-02 13:02:23 - 
==================================================
2026-04-02 13:02:28 - ==================================================
2026-04-02 13:07:41 - 
==================================================
2026-04-02 13:07:41 - ==================================================
2026-04-02 13:19:05 - 
==================================================
2026-04-02 13:19:20 - ==================================================
2026-04-02 13:26:25 - 
==================================================
2026-04-02 13:26:53 - ==================================================
2026-04-02 13:28:42 - 
==================================================
2026-04-02 13:28:56 - ==================================================
2026-04-02 13:30:43 - 
==================================================
2026-04-02 13:31:06 - ==================================================
2026-04-02 13:36:52 - 
==================================================
2026-04-02 13:36:52 - ==================================================
2026-04-02 13:40:17 - 
==================================================
2026-04-02 13:41:07 - ==================================================
2026-04-02 13:45:20 - 
==================================================
2026-04-02 13:45:34 - ==================================================
2026-04-02 13:49:56 - 
==================================================
2026-04-02 13:49:58 - ==================================================
2026-04-02 13:55:27 - 
==================================================
2026-04-02 13:55:27 - ==================================================
2026-04-02 13:59:58 - 
==================================================
2026-04-02 13:59:58 - ==================================================
2026-04-02 14:05:47 - 
==================================================
2026-04-02 14:05:57 - ==================================================
2026-04-02 14:11:34 - 
==================================================
2026-04-02 14:11:34 - ==================================================
2026-04-02 14:15:33 - 
==================================================
2026-04-02 14:15:41 - ==================================================
2026-04-02 14:21:28 - 
==================================================
2026-04-02 14:21:28 - ==================================================
2026-04-02 14:25:10 - 
==================================================
2026-04-02 14:25:27 - ==================================================
2026-04-02 14:28:50 - 
==================================================
2026-04-02 14:29:02 - ==================================================
2026-04-02 14:33:10 - 
==================================================
2026-04-02 14:33:10 - ==================================================
2026-04-02 14:39:28 - 
==================================================
2026-04-02 14:39:28 - ==================================================
2026-04-02 14:43:57 - 
==================================================
2026-04-02 14:43:57 - ==================================================
2026-04-02 14:48:45 - 
==================================================
2026-04-02 14:48:45 - ==================================================
2026-04-02 14:52:07 - 
==================================================
2026-04-02 14:52:16 - ==================================================
2026-04-02 14:57:33 - 
==================================================
2026-04-02 14:57:42 - ==================================================
2026-04-02 15:02:12 - 
==================================================
2026-04-02 15:02:27 - ==================================================
2026-04-02 15:07:51 - 
==================================================
2026-04-02 15:07:51 - ==================================================
2026-04-02 15:12:02 - 
==================================================
2026-04-02 15:12:02 - ==================================================
2026-04-02 15:15:40 - 
==================================================
2026-04-02 15:15:40 - ==================================================
2026-04-02 15:21:09 - 
==================================================
2026-04-02 15:21:20 - ==================================================
2026-04-02 15:24:53 - 
==================================================
2026-04-02 15:24:53 - ==================================================
2026-04-02 15:31:50 - 
==================================================
2026-04-02 15:31:50 - ==================================================
2026-04-02 15:37:06 - 
==================================================
2026-04-02 15:37:06 - ==================================================
2026-04-02 15:40:39 - 
==================================================
2026-04-02 15:40:39 - ==================================================
2026-04-02 15:43:45 - 
==================================================
2026-04-02 15:43:53 - ==================================================
2026-04-02 15:49:15 - 
==================================================
2026-04-02 15:49:15 - ==================================================
2026-04-02 15:54:45 - 
==================================================
2026-04-02 15:54:45 - ==================================================
2026-04-02 16:00:10 - 
==================================================
2026-04-02 16:00:10 - ==================================================
2026-04-02 16:08:34 - 
==================================================
2026-04-02 16:08:38 - ==================================================
2026-04-02 16:12:54 - 
==================================================
2026-04-02 16:12:55 - ==================================================
2026-04-02 16:19:41 - 
==================================================
2026-04-02 16:19:41 - ==================================================
2026-04-02 16:24:10 - 
==================================================
2026-04-02 16:24:15 - ==================================================
2026-04-02 16:27:48 - 
==================================================
2026-04-02 16:27:48 - ==================================================
2026-04-02 16:33:29 - 
==================================================
2026-04-02 16:33:35 - ==================================================
2026-04-02 16:38:31 - 
==================================================
2026-04-02 16:38:31 - ==================================================
2026-04-02 16:45:25 - 
==================================================
2026-04-02 16:45:25 - ==================================================
2026-04-02 16:49:10 - 
==================================================
2026-04-02 16:49:10 - ==================================================
2026-04-02 16:53:01 - 
==================================================
2026-04-02 16:53:06 - ==================================================
2026-04-02 16:57:12 - 
==================================================
2026-04-02 16:57:23 - ==================================================
2026-04-02 17:01:51 - 
==================================================
2026-04-02 17:01:51 - ==================================================
2026-04-02 17:06:11 - 
==================================================
2026-04-02 17:06:24 - ==================================================
2026-04-02 17:12:09 - 
==================================================
2026-04-02 17:12:09 - ==================================================
2026-04-02 17:15:21 - 
==================================================
2026-04-02 17:15:31 - ==================================================
2026-04-02 17:20:05 - 
==================================================
2026-04-02 17:20:11 - ==================================================
2026-04-02 17:25:43 - 
==================================================
2026-04-02 17:25:43 - ==================================================
2026-04-02 17:30:07 - 
==================================================
2026-04-02 17:30:07 - ==================================================
2026-04-02 17:33:11 - 
==================================================
2026-04-02 17:33:11 - ==================================================
2026-04-02 17:37:26 - 
==================================================
2026-04-02 17:37:26 - ==================================================
2026-04-02 17:41:43 - 
==================================================
2026-04-02 17:41:43 - ==================================================
2026-04-02 17:45:22 - 
==================================================
2026-04-02 17:45:32 - ==================================================
2026-04-02 17:49:25 - 
==================================================
2026-04-02 17:49:25 - ==================================================
2026-04-02 17:52:59 - 
==================================================
2026-04-02 17:53:01 - ==================================================
2026-04-02 17:56:56 - 
==================================================
2026-04-02 17:56:59 - ==================================================
2026-04-02 18:00:45 - 
==================================================
2026-04-02 18:00:45 - ==================================================
2026-04-02 18:04:47 - 
==================================================
2026-04-02 18:05:00 - ==================================================
2026-04-02 18:08:26 - 
==================================================
2026-04-02 18:08:26 - ==================================================
2026-04-02 18:12:22 - 
==================================================
2026-04-02 18:12:45 - ==================================================
2026-04-02 18:17:23 - 
==================================================
2026-04-02 18:17:23 - ==================================================
2026-04-02 18:22:59 - 
==================================================
2026-04-02 18:23:01 - ==================================================
2026-04-02 18:27:31 - 
==================================================
2026-04-02 18:27:50 - ==================================================
2026-04-02 18:29:34 - 
==================================================
2026-04-02 18:29:43 - ==================================================
2026-04-02 18:33:27 - 
==================================================
2026-04-02 18:33:27 - ==================================================
2026-04-02 18:37:01 - 
==================================================
2026-04-02 18:37:13 - ==================================================
2026-04-02 18:40:54 - 
==================================================
2026-04-02 18:40:54 - ==================================================
2026-04-02 18:44:42 - 
==================================================
2026-04-02 18:44:48 - ==================================================
2026-04-02 18:48:27 - 
==================================================
2026-04-02 18:48:42 - ==================================================
2026-04-02 18:53:20 - 
==================================================
2026-04-02 18:53:20 - ==================================================
2026-04-02 18:57:56 - 
==================================================
2026-04-02 18:57:56 - ==================================================
2026-04-02 19:01:35 - 
==================================================
2026-04-02 19:01:45 - ==================================================
2026-04-02 19:03:07 - 
==================================================
2026-04-02 19:03:23 - ==================================================
2026-04-02 19:07:17 - 
==================================================
2026-04-02 19:07:18 - ==================================================
2026-04-02 19:12:13 - 
==================================================
2026-04-02 19:12:13 - ==================================================
2026-04-02 19:15:45 - 
==================================================
2026-04-02 19:15:45 - ==================================================
2026-04-02 19:19:07 - 
==================================================
2026-04-02 19:19:07 - ==================================================
2026-04-02 19:22:23 - 
==================================================
2026-04-02 19:22:31 - ==================================================
2026-04-02 19:26:29 - 
==================================================
2026-04-02 19:26:29 - ==================================================
2026-04-02 19:29:06 - 
==================================================
2026-04-02 19:29:06 - ==================================================
2026-04-02 19:31:42 - 
==================================================
2026-04-02 19:31:42 - ==================================================
2026-04-02 19:34:17 - 
==================================================
2026-04-02 19:34:17 - ==================================================
2026-04-02 19:36:53 - 
==================================================
2026-04-02 19:36:53 - ==================================================
2026-04-02 19:39:30 - 
==================================================
2026-04-02 19:39:30 - ==================================================
2026-04-02 19:42:06 - 
==================================================
2026-04-02 19:42:06 - ==================================================
2026-04-02 19:44:42 - 
==================================================
2026-04-02 19:44:42 - ==================================================
2026-04-02 19:47:18 - 
==================================================
2026-04-02 19:47:18 - ==================================================
2026-04-02 19:49:54 - 
==================================================
2026-04-02 19:49:54 - ==================================================
2026-04-02 19:52:30 - 
==================================================
2026-04-02 19:52:30 - ==================================================
2026-04-02 19:53:36 - 
============================================================
2026-04-02 19:53:36 - ============================================================
