2026-02-18 12:28:19,523 - INFO - Database setup completed
2026-02-18 12:28:19,544 - INFO - WEBSOCKET ASYNCIO DEPLOYMENT - 9 STRATEGIES
2026-02-18 12:28:19,544 - INFO - ======================================================================
2026-02-18 12:28:19,545 - INFO - Mode: Paper Trading (NO REAL ORDERS)
2026-02-18 12:28:19,546 - INFO - Data Source: PURE Dhan WebSocket (Real Data Only)
2026-02-18 12:28:19,546 - INFO - Strategies: 9 Backtested Strategies
2026-02-18 12:28:19,546 - INFO - Update Interval: 5 seconds
2026-02-18 12:28:19,546 - INFO - ======================================================================
2026-02-18 12:28:19,548 - INFO - Starting WebSocket asyncio deployment...
2026-02-18 12:28:19,551 - ERROR - WebSocket feed error: This event loop is already running
2026-02-18 12:28:29,551 - INFO - 
======================================================================
2026-02-18 12:28:29,552 - INFO - WEBSOCKET ASYNCIO DEPLOYMENT SUMMARY
2026-02-18 12:28:29,552 - INFO - ======================================================================
2026-02-18 12:28:29,552 - INFO - Total Duration: 0:00:10.007135
2026-02-18 12:28:29,552 - INFO - Total Signals Generated: 0
2026-02-18 12:28:29,553 - INFO - Paper Trades Executed: 0
2026-02-18 12:28:29,553 - INFO - Total Broker Charges: Rs.0.00
2026-02-18 12:28:29,553 - INFO - Real-time Data Points: 0
2026-02-18 12:28:29,553 - INFO - 
Database: c:\cursor\options\niftyopt\data\WEBSOCKET_ASYNCIO_DEPLOYMENT.db
2026-02-18 12:28:29,554 - INFO - All trades, signals, and data saved successfully
2026-02-18 12:28:29,554 - INFO - 
FINAL STATUS: WEBSOCKET DEPLOYMENT COMPLETED
2026-02-18 12:28:29,554 - INFO - PURE WebSocket-based real-time deployment
2026-02-18 12:28:29,554 - INFO - 9 Strategies tested with live market data
2026-02-18 12:28:29,554 - INFO - Paper trading mode - No real orders placed
2026-02-18 12:28:29,555 - INFO - Ready for production deployment with real orders
2026-02-18 12:28:29,555 - INFO - ======================================================================
